20230711 인증서 등록, 서버간의 데이터공유하는법

docker push dy14000/dy : tagname
            계정    이미지명   버전

ex) docker pull ubuntu:latest

# docker repo 생성
$ docker push dy14000/apache2:vl.0
$ docker push dy14000/apache2:vl.0

# docker repo에서 image 내려받기
$ docker push dy14000/apache2:vl.0 먼저 이미지 다운받고
$ docker tag dy14000/apache2:vl.0 dy14000/apache2:latest 태그 변경(vl. > latest)
$ docker push dy14000/apache2:latest repo에서 보내고 이미지 삭제후
$ docker pull dy14000/apache2 다시 내려 받음

# dockerhub 안쓰고 개인 repo
$ docker pull registry 도커에서 제공하는 허브
$ docker run -d -p 5000:5000 --restart=always --name image_repo registry
$ vi /etc/docker/daemon.json
{
        "insecure-registry": ["http://localhost:5000"]
} 파일 만들어서 내용 기입 후 시스템 재시작
$ sudo systemctl restart docker
$ docker tag dy14000/apache2:latest localhost:5000/apache2:latest
$ docker push localhost:5000/apache2:latest

(+)domain 형식으로
$ cat /etc/docker/daemon.json
{
        "insecure-registry": ["http://localhost:5000", "http://repo.docker.com:5000]
}

$ sudo vi /etc/hosts
$ cat vi /etc/hosts
cat: vi: No such file or directory
127.0.0.1       localhost
192.168.33.100 repo.docker.com > 추가하면 됨 windows에서도
$ ping repo.docker.com
PING repo.docker.com (192.168.33.100) 56(84) bytes of data.


# 보안 인증서 만드는 방법
 1) 개인 인증서(local)
 sudo openssl req -newkey rsa:4096 -sha256 -keyout mydomain.key  -addext "subjectAltName = DNS:repo.docker.com" -x509 -days 365 -out mydomain .crt
  발급 받은 후 인증서를 위치에 이동, 복사해야함
  
 발급받은 인정서 name.key, .name.crt 두개를  scp 명령어 사용해서 이동시키면 됨 기존 777에서 sudo chmod 해서 권한 600으로 변경후 넘겨주기~
 변경해주고 보내줘야하는데, 다른 서버기 때문에 서버 내부에 인증키를 서로 알고 있어야 데이터 공유가 가능!

vagrant@docker-server1:~$ sudo scp dock_key dock2@192.168.33.200:/home/vagrant
dock2@192.168.33.200: Permission denied (publickey). > 인증키 없으면 권한없다고 자꾸 뜸!

vagrant@docker-server1:~$ cp /vagrant/.vagrant/machines/dock2/virtualbox/
action_provision  box_meta          id                private_key       vagrant_cwd
action_set_name   creator_uid       index_uuid        synced_folders
vagrant@docker-server1:~$ cp /vagrant/.vagrant/machines/dock2/virtualbox/
action_provision  box_meta          id                private_key       vagrant_cwd
action_set_name   creator_uid       index_uuid        synced_folders
vagrant@docker-server1:~$ cp /vagrant/.vagrant/machines/dock2/virtualbox/private_key ./

vagrant@docker-server1:~$ ls
certs  dock.repo.co.kr.crt  dock_key  private_key
vagrant@docker-server1:~$ sudo chmod 600 private_key
vagrant@docker-server1:~$ sudo chown vagrant:vagrant private_key
vagrant@docker-server1:~$ scp -i private_key dock.repo.co.kr.crt vagrant@192.168.33.200:/home/vagrant/
dock.repo.co.kr.crt                                                                                   100% 2179   960.9KB/s   00:00


 2) 외부에서까지 (공공네트워크까지)
